=== START ===
Initialising UART device...
UART device initialisation SUCCESS.

abcabcabcabcabc
Ending UART test...
=== END ===
